Traceback (most recent call last):
  File "C:\Users\USER\miniconda3\envs\dataviz_202630\lib\site-packages\jupyter_cache\executors\utils.py", line 58, in single_nb_execution
    executenb(
  File "C:\Users\USER\miniconda3\envs\dataviz_202630\lib\site-packages\nbclient\client.py", line 1305, in execute
    return NotebookClient(nb=nb, resources=resources, km=km, **kwargs).execute()
  File "C:\Users\USER\miniconda3\envs\dataviz_202630\lib\site-packages\jupyter_core\utils\__init__.py", line 166, in wrapped
    return loop.run_until_complete(inner)
  File "C:\Users\USER\miniconda3\envs\dataviz_202630\lib\asyncio\base_events.py", line 647, in run_until_complete
    return future.result()
  File "C:\Users\USER\miniconda3\envs\dataviz_202630\lib\site-packages\nbclient\client.py", line 705, in async_execute
    await self.async_execute_cell(
  File "C:\Users\USER\miniconda3\envs\dataviz_202630\lib\site-packages\nbclient\client.py", line 1058, in async_execute_cell
    await self._check_raise_for_error(cell, cell_index, exec_reply)
  File "C:\Users\USER\miniconda3\envs\dataviz_202630\lib\site-packages\nbclient\client.py", line 914, in _check_raise_for_error
    raise CellExecutionError.from_cell_and_msg(cell, exec_reply_content)
nbclient.exceptions.CellExecutionError: An error occurred while executing the following cell:
------------------
#| echo: false
# Configuracion visual

sns.set_theme(context="notebook", style="whitegrid", font_scale=1.05)
plt.rcParams.update({
    "figure.dpi": 120,
    "savefig.dpi": 300,
    "font.family": "DejaVu Sans",
    "axes.titlesize": 13,
    "axes.titleweight": "bold",
    "axes.labelsize": 11,
    "axes.edgecolor": "0.3",
    "axes.grid": True,
    "grid.alpha": 0.3,
    "legend.frameon": False,
    "figure.facecolor": "white",
})

PALETTE_GRADE = {0: "#2E86AB", 1: "#C1443C"}
PALETTE_SEQ   = sns.color_palette("mako", as_cmap=False)

pd.set_option("display.max_columns", 30)
pd.set_option("display.width", 120)
------------------


[1;31m---------------------------------------------------------------------------[0m
[1;31mNameError[0m                                 Traceback (most recent call last)
Cell [1;32mIn[1], line 4[0m
[0;32m      1[0m [38;5;66;03m#| echo: false[39;00m
[0;32m      2[0m [38;5;66;03m# Configuracion visual[39;00m
[1;32m----> 4[0m [43msns[49m[38;5;241m.[39mset_theme(context[38;5;241m=[39m[38;5;124m"[39m[38;5;124mnotebook[39m[38;5;124m"[39m, style[38;5;241m=[39m[38;5;124m"[39m[38;5;124mwhitegrid[39m[38;5;124m"[39m, font_scale[38;5;241m=[39m[38;5;241m1.05[39m)
[0;32m      5[0m plt[38;5;241m.[39mrcParams[38;5;241m.[39mupdate({
[0;32m      6[0m     [38;5;124m"[39m[38;5;124mfigure.dpi[39m[38;5;124m"[39m: [38;5;241m120[39m,
[0;32m      7[0m     [38;5;124m"[39m[38;5;124msavefig.dpi[39m[38;5;124m"[39m: [38;5;241m300[39m,
[1;32m   (...)[0m
[0;32m     16[0m     [38;5;124m"[39m[38;5;124mfigure.facecolor[39m[38;5;124m"[39m: [38;5;124m"[39m[38;5;124mwhite[39m[38;5;124m"[39m,
[0;32m     17[0m })
[0;32m     19[0m PALETTE_GRADE [38;5;241m=[39m {[38;5;241m0[39m: [38;5;124m"[39m[38;5;124m#2E86AB[39m[38;5;124m"[39m, [38;5;241m1[39m: [38;5;124m"[39m[38;5;124m#C1443C[39m[38;5;124m"[39m}

[1;31mNameError[0m: name 'sns' is not defined

