Traceback (most recent call last):
  File "C:\Users\USER\miniconda3\envs\dataviz_202630\lib\site-packages\jupyter_cache\executors\utils.py", line 58, in single_nb_execution
    executenb(
  File "C:\Users\USER\miniconda3\envs\dataviz_202630\lib\site-packages\nbclient\client.py", line 1305, in execute
    return NotebookClient(nb=nb, resources=resources, km=km, **kwargs).execute()
  File "C:\Users\USER\miniconda3\envs\dataviz_202630\lib\site-packages\jupyter_core\utils\__init__.py", line 166, in wrapped
    return loop.run_until_complete(inner)
  File "C:\Users\USER\miniconda3\envs\dataviz_202630\lib\asyncio\base_events.py", line 647, in run_until_complete
    return future.result()
  File "C:\Users\USER\miniconda3\envs\dataviz_202630\lib\site-packages\nbclient\client.py", line 705, in async_execute
    await self.async_execute_cell(
  File "C:\Users\USER\miniconda3\envs\dataviz_202630\lib\site-packages\nbclient\client.py", line 1058, in async_execute_cell
    await self._check_raise_for_error(cell, cell_index, exec_reply)
  File "C:\Users\USER\miniconda3\envs\dataviz_202630\lib\site-packages\nbclient\client.py", line 914, in _check_raise_for_error
    raise CellExecutionError.from_cell_and_msg(cell, exec_reply_content)
nbclient.exceptions.CellExecutionError: An error occurred while executing the following cell:
------------------
from sklearn.model_selection import train_test_split

x = df_info.drop(columns=['Grade'])
y = df_info['Grade']

X_train, X_test, y_train, y_test = train_test_split(
    x, 
    y, 
    test_size=0.20, 
    random_state=42, 
    stratify=y
)

train_data = pd.concat([X_train, y_train], axis=1)
------------------


[1;31m---------------------------------------------------------------------------[0m
[1;31mNameError[0m                                 Traceback (most recent call last)
Cell [1;32mIn[6], line 3[0m
[0;32m      1[0m [38;5;28;01mfrom[39;00m[38;5;250m [39m[38;5;21;01msklearn[39;00m[38;5;21;01m.[39;00m[38;5;21;01mmodel_selection[39;00m[38;5;250m [39m[38;5;28;01mimport[39;00m train_test_split
[1;32m----> 3[0m x [38;5;241m=[39m [43mdf_info[49m[38;5;241m.[39mdrop(columns[38;5;241m=[39m[[38;5;124m'[39m[38;5;124mGrade[39m[38;5;124m'[39m])
[0;32m      4[0m y [38;5;241m=[39m df_info[[38;5;124m'[39m[38;5;124mGrade[39m[38;5;124m'[39m]
[0;32m      6[0m X_train, X_test, y_train, y_test [38;5;241m=[39m train_test_split(
[0;32m      7[0m     x, 
[0;32m      8[0m     y, 
[1;32m   (...)[0m
[0;32m     11[0m     stratify[38;5;241m=[39my
[0;32m     12[0m )

[1;31mNameError[0m: name 'df_info' is not defined

